// Jest Snapshot v1, https://goo.gl/fbAQLP

exports[`Link changes the class when hovered 1`] = `
Object {
  "choices": Array [
    Object {
      "isWrong": true,
      "text": Array [
        "كَسَّنَ",
      ],
      "val": Array [
        "كَسَّنَ",
      ],
    },
    Object {
      "isWrong": true,
      "text": Array [
        "كَسَّنَ",
      ],
      "val": Array [
        "كَسَّنَ",
      ],
    },
    Object {
      "isWrong": true,
      "text": Array [
        "كَسَّنَ",
      ],
      "val": Array [
        "كَسَّنَ",
      ],
    },
    Object {
      "isCorrect": true,
      "text": Array [
        Array [
          "ك",
          "َ",
        ],
        Array [
          "س",
          "َ",
        ],
        Array [
          "ن",
          "َ",
        ],
      ],
      "val": Array [
        Array [
          "ك",
          "َ",
        ],
        Array [
          "س",
          "َ",
        ],
        Array [
          "ن",
          "َ",
        ],
      ],
    },
  ],
  "text": "Which is the 3rd person masculine maadhi?",
}
`;

exports[`build simple maadhi table question 1`] = `
Object {
  "choices": Array [
    Object {
      "isWrong": true,
      "text": "فَعَلاَ",
      "val": "فَعَلاَ",
    },
    Object {
      "isWrong": true,
      "text": "فَعَلُوا",
      "val": "فَعَلُوا",
    },
    Object {
      "isWrong": true,
      "text": "فَعَلَتْ",
      "val": "فَعَلَتْ",
    },
    Object {
      "isCorrect": true,
      "text": "فَعَلَ",
      "val": "فَعَلَ",
    },
  ],
  "text": "maadhi he",
}
`;

exports[`build simple mudari table question 1`] = `
Object {
  "choices": Array [
    Object {
      "isWrong": true,
      "text": "يَفْعُلَانِ",
      "val": "يَفْعُلَانِ",
    },
    Object {
      "isWrong": true,
      "text": "يَفْعُلُونَ",
      "val": "يَفْعُلُونَ",
    },
    Object {
      "isWrong": true,
      "text": "تَفْعُلُ",
      "val": "تَفْعُلُ",
    },
    Object {
      "isCorrect": true,
      "text": "يَفْعُلُ",
      "val": "يَفْعُلُ",
    },
  ],
  "text": "mudari he",
}
`;
