// Jest Snapshot v1, https://goo.gl/fbAQLP

exports[`build akrama maadhi active 1`] = `
Array [
  "أَفْعَلَ",
  "أَفْعَلاَ",
  "أَفْعَلُوا",
  "أَفْعَلَتْ",
  "أَفْعَلَتَا",
  "أَفْعَلْنَ",
  "أَفْعَلْتَ",
  "أَفْعَلْتُمَا",
  "أَفْعَلْتُمْ",
  "أَفْعَلْتِ",
  "أَفْعَلْتُمَا",
  "أَفْعَلْتُنَّ",
  "أَفْعَلْتُ",
  "أَفْعَلْنَا",
]
`;

exports[`build akrama maadhi passive 1`] = `
Array [
  "أُفْعِلَ",
  "أُفْعِلاَ",
  "أُفْعِلُوا",
  "أُفْعِلَتْ",
  "أُفْعِلَتَا",
  "أُفْعِلْنَ",
  "أُفْعِلْتَ",
  "أُفْعِلْتُمَا",
  "أُفْعِلْتُمْ",
  "أُفْعِلْتِ",
  "أُفْعِلْتُمَا",
  "أُفْعِلْتُنَّ",
  "أُفْعِلْتُ",
  "أُفْعِلْنَا",
]
`;

exports[`build akrama mudari active 1`] = `
Array [
  "يُفْعِلُ",
  "يُفْعِلَانِ",
  "يُفْعِلُونَ",
  "تُفْعِلُ",
  "تُفْعِلَانِ",
  "يُفْعِلْنَ",
  "تُفْعِلُ",
  "تُفْعِلَانِ",
  "تُفْعِلُونَ",
  "تُفْعِلِينَ",
  "تُفْعِلَانِ",
  "تُفْعِلْنَ",
  "اُفْعِلُ",
  "نُفْعِلُ",
]
`;

exports[`build akrama mudari passive 1`] = `
Array [
  "يُفْعَلُ",
  "يُفْعَلَانِ",
  "يُفْعَلُونَ",
  "تُفْعَلُ",
  "تُفْعَلَانِ",
  "يُفْعَلْنَ",
  "تُفْعَلُ",
  "تُفْعَلَانِ",
  "تُفْعَلُونَ",
  "تُفْعَلِينَ",
  "تُفْعَلَانِ",
  "تُفْعَلْنَ",
  "اُفْعَلُ",
  "نُفْعَلُ",
]
`;

exports[`sarrafa maadhi active 1`] = `
Array [
  "فَعَّلَ",
  "فَعَّلاَ",
  "فَعَّلُوا",
  "فَعَّلَتْ",
  "فَعَّلَتَا",
  "فَعَّلْنَ",
  "فَعَّلْتَ",
  "فَعَّلْتُمَا",
  "فَعَّلْتُمْ",
  "فَعَّلْتِ",
  "فَعَّلْتُمَا",
  "فَعَّلْتُنَّ",
  "فَعَّلْتُ",
  "فَعَّلْنَا",
]
`;

exports[`sarrafa maadhi passive 1`] = `
Array [
  "فُعِّلَ",
  "فُعِّلاَ",
  "فُعِّلُوا",
  "فُعِّلَتْ",
  "فُعِّلَتَا",
  "فُعِّلْنَ",
  "فُعِّلْتَ",
  "فُعِّلْتُمَا",
  "فُعِّلْتُمْ",
  "فُعِّلْتِ",
  "فُعِّلْتُمَا",
  "فُعِّلْتُنَّ",
  "فُعِّلْتُ",
  "فُعِّلْنَا",
]
`;

exports[`sarrafa mudari active 1`] = `
Array [
  "يُفَعِّلُ",
  "يُفَعِّلَانِ",
  "يُفَعِّلُونَ",
  "تُفَعِّلُ",
  "تُفَعِّلَانِ",
  "يُفَعِّلْنَ",
  "تُفَعِّلُ",
  "تُفَعِّلَانِ",
  "تُفَعِّلُونَ",
  "تُفَعِّلِينَ",
  "تُفَعِّلَانِ",
  "تُفَعِّلْنَ",
  "اُفَعِّلُ",
  "نُفَعِّلُ",
]
`;

exports[`sarrafa mudari passive 1`] = `
Array [
  "يُفَعَّلُ",
  "يُفَعَّلَانِ",
  "يُفَعَّلُونَ",
  "تُفَعَّلُ",
  "تُفَعَّلَانِ",
  "يُفَعَّلْنَ",
  "تُفَعَّلُ",
  "تُفَعَّلَانِ",
  "تُفَعَّلُونَ",
  "تُفَعَّلِينَ",
  "تُفَعَّلَانِ",
  "تُفَعَّلْنَ",
  "اُفَعَّلُ",
  "نُفَعَّلُ",
]
`;

exports[`simple maadhi active 1`] = `
Array [
  "فَعَلَ",
  "فَعَلاَ",
  "فَعَلُوا",
  "فَعَلَتْ",
  "فَعَلَتَا",
  "فَعَلْنَ",
  "فَعَلْتَ",
  "فَعَلْتُمَا",
  "فَعَلْتُمْ",
  "فَعَلْتِ",
  "فَعَلْتُمَا",
  "فَعَلْتُنَّ",
  "فَعَلْتُ",
  "فَعَلْنَا",
]
`;

exports[`simple maadhi active 2`] = `
Array [
  "فَعَلَ",
  "فَعَلاَ",
  "فَعَلُوا",
  "فَعَلَتْ",
  "فَعَلَتَا",
  "فَعَلْنَ",
  "فَعَلْتَ",
  "فَعَلْتُمَا",
  "فَعَلْتُمْ",
  "فَعَلْتِ",
  "فَعَلْتُمَا",
  "فَعَلْتُنَّ",
  "فَعَلْتُ",
  "فَعَلْنَا",
]
`;

exports[`simple maadhi active 3`] = `
Array [
  "فَعِلَ",
  "فَعِلاَ",
  "فَعِلُوا",
  "فَعِلَتْ",
  "فَعِلَتَا",
  "فَعِلْنَ",
  "فَعِلْتَ",
  "فَعِلْتُمَا",
  "فَعِلْتُمْ",
  "فَعِلْتِ",
  "فَعِلْتُمَا",
  "فَعِلْتُنَّ",
  "فَعِلْتُ",
  "فَعِلْنَا",
]
`;

exports[`simple maadhi active 4`] = `
Array [
  "فَعَلَ",
  "فَعَلاَ",
  "فَعَلُوا",
  "فَعَلَتْ",
  "فَعَلَتَا",
  "فَعَلْنَ",
  "فَعَلْتَ",
  "فَعَلْتُمَا",
  "فَعَلْتُمْ",
  "فَعَلْتِ",
  "فَعَلْتُمَا",
  "فَعَلْتُنَّ",
  "فَعَلْتُ",
  "فَعَلْنَا",
]
`;

exports[`simple maadhi active 5`] = `
Array [
  "فَعُلَ",
  "فَعُلاَ",
  "فَعُلُوا",
  "فَعُلَتْ",
  "فَعُلَتَا",
  "فَعُلْنَ",
  "فَعُلْتَ",
  "فَعُلْتُمَا",
  "فَعُلْتُمْ",
  "فَعُلْتِ",
  "فَعُلْتُمَا",
  "فَعُلْتُنَّ",
  "فَعُلْتُ",
  "فَعُلْنَا",
]
`;

exports[`simple maadhi active 6`] = `
Array [
  "فَعِلَ",
  "فَعِلاَ",
  "فَعِلُوا",
  "فَعِلَتْ",
  "فَعِلَتَا",
  "فَعِلْنَ",
  "فَعِلْتَ",
  "فَعِلْتُمَا",
  "فَعِلْتُمْ",
  "فَعِلْتِ",
  "فَعِلْتُمَا",
  "فَعِلْتُنَّ",
  "فَعِلْتُ",
  "فَعِلْنَا",
]
`;

exports[`simple maadhi passive 1`] = `
Array [
  "فُعِلَ",
  "فُعِلاَ",
  "فُعِلُوا",
  "فُعِلَتْ",
  "فُعِلَتَا",
  "فُعِلْنَ",
  "فُعِلْتَ",
  "فُعِلْتُمَا",
  "فُعِلْتُمْ",
  "فُعِلْتِ",
  "فُعِلْتُمَا",
  "فُعِلْتُنَّ",
  "فُعِلْتُ",
  "فُعِلْنَا",
]
`;

exports[`simple maadhi passive 2`] = `
Array [
  "فُعِلَ",
  "فُعِلاَ",
  "فُعِلُوا",
  "فُعِلَتْ",
  "فُعِلَتَا",
  "فُعِلْنَ",
  "فُعِلْتَ",
  "فُعِلْتُمَا",
  "فُعِلْتُمْ",
  "فُعِلْتِ",
  "فُعِلْتُمَا",
  "فُعِلْتُنَّ",
  "فُعِلْتُ",
  "فُعِلْنَا",
]
`;

exports[`simple maadhi passive 3`] = `
Array [
  "فُعِلَ",
  "فُعِلاَ",
  "فُعِلُوا",
  "فُعِلَتْ",
  "فُعِلَتَا",
  "فُعِلْنَ",
  "فُعِلْتَ",
  "فُعِلْتُمَا",
  "فُعِلْتُمْ",
  "فُعِلْتِ",
  "فُعِلْتُمَا",
  "فُعِلْتُنَّ",
  "فُعِلْتُ",
  "فُعِلْنَا",
]
`;

exports[`simple maadhi passive 4`] = `
Array [
  "فُعِلَ",
  "فُعِلاَ",
  "فُعِلُوا",
  "فُعِلَتْ",
  "فُعِلَتَا",
  "فُعِلْنَ",
  "فُعِلْتَ",
  "فُعِلْتُمَا",
  "فُعِلْتُمْ",
  "فُعِلْتِ",
  "فُعِلْتُمَا",
  "فُعِلْتُنَّ",
  "فُعِلْتُ",
  "فُعِلْنَا",
]
`;

exports[`simple maadhi passive 5`] = `
Array [
  "فُعِلَ",
  "فُعِلاَ",
  "فُعِلُوا",
  "فُعِلَتْ",
  "فُعِلَتَا",
  "فُعِلْنَ",
  "فُعِلْتَ",
  "فُعِلْتُمَا",
  "فُعِلْتُمْ",
  "فُعِلْتِ",
  "فُعِلْتُمَا",
  "فُعِلْتُنَّ",
  "فُعِلْتُ",
  "فُعِلْنَا",
]
`;

exports[`simple maadhi passive 6`] = `
Array [
  "فُعِلَ",
  "فُعِلاَ",
  "فُعِلُوا",
  "فُعِلَتْ",
  "فُعِلَتَا",
  "فُعِلْنَ",
  "فُعِلْتَ",
  "فُعِلْتُمَا",
  "فُعِلْتُمْ",
  "فُعِلْتِ",
  "فُعِلْتُمَا",
  "فُعِلْتُنَّ",
  "فُعِلْتُ",
  "فُعِلْنَا",
]
`;

exports[`simple mudari active 1`] = `
Array [
  "يَفْعُلُ",
  "يَفْعُلَانِ",
  "يَفْعُلُونَ",
  "تَفْعُلُ",
  "تَفْعُلَانِ",
  "يَفْعُلْنَ",
  "تَفْعُلُ",
  "تَفْعُلَانِ",
  "تَفْعُلُونَ",
  "تَفْعُلِينَ",
  "تَفْعُلَانِ",
  "تَفْعُلْنَ",
  "اَفْعُلُ",
  "نَفْعُلُ",
]
`;

exports[`simple mudari active 2`] = `
Array [
  "يَفْعِلُ",
  "يَفْعِلَانِ",
  "يَفْعِلُونَ",
  "تَفْعِلُ",
  "تَفْعِلَانِ",
  "يَفْعِلْنَ",
  "تَفْعِلُ",
  "تَفْعِلَانِ",
  "تَفْعِلُونَ",
  "تَفْعِلِينَ",
  "تَفْعِلَانِ",
  "تَفْعِلْنَ",
  "اَفْعِلُ",
  "نَفْعِلُ",
]
`;

exports[`simple mudari active 3`] = `
Array [
  "يَفْعَلُ",
  "يَفْعَلَانِ",
  "يَفْعَلُونَ",
  "تَفْعَلُ",
  "تَفْعَلَانِ",
  "يَفْعَلْنَ",
  "تَفْعَلُ",
  "تَفْعَلَانِ",
  "تَفْعَلُونَ",
  "تَفْعَلِينَ",
  "تَفْعَلَانِ",
  "تَفْعَلْنَ",
  "اَفْعَلُ",
  "نَفْعَلُ",
]
`;

exports[`simple mudari active 4`] = `
Array [
  "يَفْعَلُ",
  "يَفْعَلَانِ",
  "يَفْعَلُونَ",
  "تَفْعَلُ",
  "تَفْعَلَانِ",
  "يَفْعَلْنَ",
  "تَفْعَلُ",
  "تَفْعَلَانِ",
  "تَفْعَلُونَ",
  "تَفْعَلِينَ",
  "تَفْعَلَانِ",
  "تَفْعَلْنَ",
  "اَفْعَلُ",
  "نَفْعَلُ",
]
`;

exports[`simple mudari active 5`] = `
Array [
  "يَفْعُلُ",
  "يَفْعُلَانِ",
  "يَفْعُلُونَ",
  "تَفْعُلُ",
  "تَفْعُلَانِ",
  "يَفْعُلْنَ",
  "تَفْعُلُ",
  "تَفْعُلَانِ",
  "تَفْعُلُونَ",
  "تَفْعُلِينَ",
  "تَفْعُلَانِ",
  "تَفْعُلْنَ",
  "اَفْعُلُ",
  "نَفْعُلُ",
]
`;

exports[`simple mudari active 6`] = `
Array [
  "يَفْعِلُ",
  "يَفْعِلَانِ",
  "يَفْعِلُونَ",
  "تَفْعِلُ",
  "تَفْعِلَانِ",
  "يَفْعِلْنَ",
  "تَفْعِلُ",
  "تَفْعِلَانِ",
  "تَفْعِلُونَ",
  "تَفْعِلِينَ",
  "تَفْعِلَانِ",
  "تَفْعِلْنَ",
  "اَفْعِلُ",
  "نَفْعِلُ",
]
`;

exports[`simple mudari passive 1`] = `
Array [
  "يُفْعَلُ",
  "يُفْعَلَانِ",
  "يُفْعَلُونَ",
  "تُفْعَلُ",
  "تُفْعَلَانِ",
  "يُفْعَلْنَ",
  "تُفْعَلُ",
  "تُفْعَلَانِ",
  "تُفْعَلُونَ",
  "تُفْعَلِينَ",
  "تُفْعَلَانِ",
  "تُفْعَلْنَ",
  "اُفْعَلُ",
  "نُفْعَلُ",
]
`;

exports[`simple mudari passive 2`] = `
Array [
  "يُفْعَلُ",
  "يُفْعَلَانِ",
  "يُفْعَلُونَ",
  "تُفْعَلُ",
  "تُفْعَلَانِ",
  "يُفْعَلْنَ",
  "تُفْعَلُ",
  "تُفْعَلَانِ",
  "تُفْعَلُونَ",
  "تُفْعَلِينَ",
  "تُفْعَلَانِ",
  "تُفْعَلْنَ",
  "اُفْعَلُ",
  "نُفْعَلُ",
]
`;

exports[`simple mudari passive 3`] = `
Array [
  "يُفْعَلُ",
  "يُفْعَلَانِ",
  "يُفْعَلُونَ",
  "تُفْعَلُ",
  "تُفْعَلَانِ",
  "يُفْعَلْنَ",
  "تُفْعَلُ",
  "تُفْعَلَانِ",
  "تُفْعَلُونَ",
  "تُفْعَلِينَ",
  "تُفْعَلَانِ",
  "تُفْعَلْنَ",
  "اُفْعَلُ",
  "نُفْعَلُ",
]
`;

exports[`simple mudari passive 4`] = `
Array [
  "يُفْعَلُ",
  "يُفْعَلَانِ",
  "يُفْعَلُونَ",
  "تُفْعَلُ",
  "تُفْعَلَانِ",
  "يُفْعَلْنَ",
  "تُفْعَلُ",
  "تُفْعَلَانِ",
  "تُفْعَلُونَ",
  "تُفْعَلِينَ",
  "تُفْعَلَانِ",
  "تُفْعَلْنَ",
  "اُفْعَلُ",
  "نُفْعَلُ",
]
`;

exports[`simple mudari passive 5`] = `
Array [
  "يُفْعَلُ",
  "يُفْعَلَانِ",
  "يُفْعَلُونَ",
  "تُفْعَلُ",
  "تُفْعَلَانِ",
  "يُفْعَلْنَ",
  "تُفْعَلُ",
  "تُفْعَلَانِ",
  "تُفْعَلُونَ",
  "تُفْعَلِينَ",
  "تُفْعَلَانِ",
  "تُفْعَلْنَ",
  "اُفْعَلُ",
  "نُفْعَلُ",
]
`;

exports[`simple mudari passive 6`] = `
Array [
  "يُفْعَلُ",
  "يُفْعَلَانِ",
  "يُفْعَلُونَ",
  "تُفْعَلُ",
  "تُفْعَلَانِ",
  "يُفْعَلْنَ",
  "تُفْعَلُ",
  "تُفْعَلَانِ",
  "تُفْعَلُونَ",
  "تُفْعَلِينَ",
  "تُفْعَلَانِ",
  "تُفْعَلْنَ",
  "اُفْعَلُ",
  "نُفْعَلُ",
]
`;
