// Jest Snapshot v1, https://goo.gl/fbAQLP

exports[`akrama maadhi active 1`] = `
Array [
  "أَفْعَلَ",
  "أَفْعَلاَ",
  "أَفْعَلُوا",
  "أَفْعَلَتْ",
  "أَفْعَلَتَا",
  "أَفْعَلْنَ",
  "أَفْعَلْتَ",
  "أَفْعَلْتُمَا",
  "أَفْعَلْتُمْ",
  "أَفْعَلْتِ",
  "أَفْعَلْتُمَا",
  "أَفْعَلْتُنَّ",
  "أَفْعَلْتُ",
  "أَفْعَلْنَا",
]
`;

exports[`akrama maadhi passive 1`] = `
Array [
  "أُفْعِلَ",
  "أُفْعِلاَ",
  "أُفْعِلُوا",
  "أُفْعِلَتْ",
  "أُفْعِلَتَا",
  "أُفْعِلْنَ",
  "أُفْعِلْتَ",
  "أُفْعِلْتُمَا",
  "أُفْعِلْتُمْ",
  "أُفْعِلْتِ",
  "أُفْعِلْتُمَا",
  "أُفْعِلْتُنَّ",
  "أُفْعِلْتُ",
  "أُفْعِلْنَا",
]
`;

exports[`akrama mudari active 1`] = `
Array [
  "يُفْعِلُ",
  "يُفْعِلَانِ",
  "يُفْعِلُونَ",
  "تُفْعِلُ",
  "تُفْعِلَانِ",
  "يُفْعِلْنَ",
  "تُفْعِلُ",
  "تُفْعِلَانِ",
  "تُفْعِلُونَ",
  "تُفْعِلِينَ",
  "تُفْعِلَانِ",
  "تُفْعِلْنَ",
  "اُفْعِلُ",
  "نُفْعِلُ",
]
`;

exports[`akrama mudari passive 1`] = `
Array [
  "يُفْعَلُ",
  "يُفْعَلَانِ",
  "يُفْعَلُونَ",
  "تُفْعَلُ",
  "تُفْعَلَانِ",
  "يُفْعَلْنَ",
  "تُفْعَلُ",
  "تُفْعَلَانِ",
  "تُفْعَلُونَ",
  "تُفْعَلِينَ",
  "تُفْعَلَانِ",
  "تُفْعَلْنَ",
  "اُفْعَلُ",
  "نُفْعَلُ",
]
`;

exports[`ijtanaba maadhi active 1`] = `
Array [
  "اِفْتَعَلَ",
  "اِفْتَعَلاَ",
  "اِفْتَعَلُوا",
  "اِفْتَعَلَتْ",
  "اِفْتَعَلَتَا",
  "اِفْتَعَلْنَ",
  "اِفْتَعَلْتَ",
  "اِفْتَعَلْتُمَا",
  "اِفْتَعَلْتُمْ",
  "اِفْتَعَلْتِ",
  "اِفْتَعَلْتُمَا",
  "اِفْتَعَلْتُنَّ",
  "اِفْتَعَلْتُ",
  "اِفْتَعَلْنَا",
]
`;

exports[`ijtanaba maadhi passive 1`] = `
Array [
  "اُفْتُعِلَ",
  "اُفْتُعِلاَ",
  "اُفْتُعِلُوا",
  "اُفْتُعِلَتْ",
  "اُفْتُعِلَتَا",
  "اُفْتُعِلْنَ",
  "اُفْتُعِلْتَ",
  "اُفْتُعِلْتُمَا",
  "اُفْتُعِلْتُمْ",
  "اُفْتُعِلْتِ",
  "اُفْتُعِلْتُمَا",
  "اُفْتُعِلْتُنَّ",
  "اُفْتُعِلْتُ",
  "اُفْتُعِلْنَا",
]
`;

exports[`ijtanaba mudari active 1`] = `
Array [
  "يَفْتَعِلُ",
  "يَفْتَعِلَانِ",
  "يَفْتَعِلُونَ",
  "تَفْتَعِلُ",
  "تَفْتَعِلَانِ",
  "يَفْتَعِلْنَ",
  "تَفْتَعِلُ",
  "تَفْتَعِلَانِ",
  "تَفْتَعِلُونَ",
  "تَفْتَعِلِينَ",
  "تَفْتَعِلَانِ",
  "تَفْتَعِلْنَ",
  "اَفْتَعِلُ",
  "نَفْتَعِلُ",
]
`;

exports[`ijtanaba mudari passive 1`] = `
Array [
  "يُفْتَعَلُ",
  "يُفْتَعَلَانِ",
  "يُفْتَعَلُونَ",
  "تُفْتَعَلُ",
  "تُفْتَعَلَانِ",
  "يُفْتَعَلْنَ",
  "تُفْتَعَلُ",
  "تُفْتَعَلَانِ",
  "تُفْتَعَلُونَ",
  "تُفْتَعَلِينَ",
  "تُفْتَعَلَانِ",
  "تُفْتَعَلْنَ",
  "اُفْتَعَلُ",
  "نُفْتَعَلُ",
]
`;

exports[`istansara maadhi active 1`] = `
Array [
  "اِسْتَفْعَلَ",
  "اِسْتَفْعَلاَ",
  "اِسْتَفْعَلُوا",
  "اِسْتَفْعَلَتْ",
  "اِسْتَفْعَلَتَا",
  "اِسْتَفْعَلْنَ",
  "اِسْتَفْعَلْتَ",
  "اِسْتَفْعَلْتُمَا",
  "اِسْتَفْعَلْتُمْ",
  "اِسْتَفْعَلْتِ",
  "اِسْتَفْعَلْتُمَا",
  "اِسْتَفْعَلْتُنَّ",
  "اِسْتَفْعَلْتُ",
  "اِسْتَفْعَلْنَا",
]
`;

exports[`istansara maadhi passive 1`] = `
Array [
  "اُسْتُفْعِلَ",
  "اُسْتُفْعِلاَ",
  "اُسْتُفْعِلُوا",
  "اُسْتُفْعِلَتْ",
  "اُسْتُفْعِلَتَا",
  "اُسْتُفْعِلْنَ",
  "اُسْتُفْعِلْتَ",
  "اُسْتُفْعِلْتُمَا",
  "اُسْتُفْعِلْتُمْ",
  "اُسْتُفْعِلْتِ",
  "اُسْتُفْعِلْتُمَا",
  "اُسْتُفْعِلْتُنَّ",
  "اُسْتُفْعِلْتُ",
  "اُسْتُفْعِلْنَا",
]
`;

exports[`istansara mudari active 1`] = `
Array [
  "يَسْتَفْعِلُ",
  "يَسْتَفْعِلَانِ",
  "يَسْتَفْعِلُونَ",
  "تَسْتَفْعِلُ",
  "تَسْتَفْعِلَانِ",
  "يَسْتَفْعِلْنَ",
  "تَسْتَفْعِلُ",
  "تَسْتَفْعِلَانِ",
  "تَسْتَفْعِلُونَ",
  "تَسْتَفْعِلِينَ",
  "تَسْتَفْعِلَانِ",
  "تَسْتَفْعِلْنَ",
  "اَسْتَفْعِلُ",
  "نَسْتَفْعِلُ",
]
`;

exports[`istansara mudari passive 1`] = `
Array [
  "يُسْتَفْعَلُ",
  "يُسْتَفْعَلَانِ",
  "يُسْتَفْعَلُونَ",
  "تُسْتَفْعَلُ",
  "تُسْتَفْعَلَانِ",
  "يُسْتَفْعَلْنَ",
  "تُسْتَفْعَلُ",
  "تُسْتَفْعَلَانِ",
  "تُسْتَفْعَلُونَ",
  "تُسْتَفْعَلِينَ",
  "تُسْتَفْعَلَانِ",
  "تُسْتَفْعَلْنَ",
  "اُسْتَفْعَلُ",
  "نُسْتَفْعَلُ",
]
`;

exports[`qaatala maadhi active 1`] = `
Array [
  "فَاعَلَ",
  "فَاعَلاَ",
  "فَاعَلُوا",
  "فَاعَلَتْ",
  "فَاعَلَتَا",
  "فَاعَلْنَ",
  "فَاعَلْتَ",
  "فَاعَلْتُمَا",
  "فَاعَلْتُمْ",
  "فَاعَلْتِ",
  "فَاعَلْتُمَا",
  "فَاعَلْتُنَّ",
  "فَاعَلْتُ",
  "فَاعَلْنَا",
]
`;

exports[`qaatala maadhi passive 1`] = `
Array [
  "فُوعِلَ",
  "فُوعِلاَ",
  "فُوعِلُوا",
  "فُوعِلَتْ",
  "فُوعِلَتَا",
  "فُوعِلْنَ",
  "فُوعِلْتَ",
  "فُوعِلْتُمَا",
  "فُوعِلْتُمْ",
  "فُوعِلْتِ",
  "فُوعِلْتُمَا",
  "فُوعِلْتُنَّ",
  "فُوعِلْتُ",
  "فُوعِلْنَا",
]
`;

exports[`qaatala mudari active 1`] = `
Array [
  "يُفَاعِلُ",
  "يُفَاعِلَانِ",
  "يُفَاعِلُونَ",
  "تُفَاعِلُ",
  "تُفَاعِلَانِ",
  "يُفَاعِلْنَ",
  "تُفَاعِلُ",
  "تُفَاعِلَانِ",
  "تُفَاعِلُونَ",
  "تُفَاعِلِينَ",
  "تُفَاعِلَانِ",
  "تُفَاعِلْنَ",
  "اُفَاعِلُ",
  "نُفَاعِلُ",
]
`;

exports[`qaatala mudari passive 1`] = `
Array [
  "يُفَاعَلُ",
  "يُفَاعَلَانِ",
  "يُفَاعَلُونَ",
  "تُفَاعَلُ",
  "تُفَاعَلَانِ",
  "يُفَاعَلْنَ",
  "تُفَاعَلُ",
  "تُفَاعَلَانِ",
  "تُفَاعَلُونَ",
  "تُفَاعَلِينَ",
  "تُفَاعَلَانِ",
  "تُفَاعَلْنَ",
  "اُفَاعَلُ",
  "نُفَاعَلُ",
]
`;

exports[`sarrafa maadhi active 1`] = `
Array [
  "فَعَّلَ",
  "فَعَّلاَ",
  "فَعَّلُوا",
  "فَعَّلَتْ",
  "فَعَّلَتَا",
  "فَعَّلْنَ",
  "فَعَّلْتَ",
  "فَعَّلْتُمَا",
  "فَعَّلْتُمْ",
  "فَعَّلْتِ",
  "فَعَّلْتُمَا",
  "فَعَّلْتُنَّ",
  "فَعَّلْتُ",
  "فَعَّلْنَا",
]
`;

exports[`sarrafa maadhi passive 1`] = `
Array [
  "فُعِّلَ",
  "فُعِّلاَ",
  "فُعِّلُوا",
  "فُعِّلَتْ",
  "فُعِّلَتَا",
  "فُعِّلْنَ",
  "فُعِّلْتَ",
  "فُعِّلْتُمَا",
  "فُعِّلْتُمْ",
  "فُعِّلْتِ",
  "فُعِّلْتُمَا",
  "فُعِّلْتُنَّ",
  "فُعِّلْتُ",
  "فُعِّلْنَا",
]
`;

exports[`sarrafa mudari active 1`] = `
Array [
  "يُفَعِّلُ",
  "يُفَعِّلَانِ",
  "يُفَعِّلُونَ",
  "تُفَعِّلُ",
  "تُفَعِّلَانِ",
  "يُفَعِّلْنَ",
  "تُفَعِّلُ",
  "تُفَعِّلَانِ",
  "تُفَعِّلُونَ",
  "تُفَعِّلِينَ",
  "تُفَعِّلَانِ",
  "تُفَعِّلْنَ",
  "اُفَعِّلُ",
  "نُفَعِّلُ",
]
`;

exports[`sarrafa mudari passive 1`] = `
Array [
  "يُفَعَّلُ",
  "يُفَعَّلَانِ",
  "يُفَعَّلُونَ",
  "تُفَعَّلُ",
  "تُفَعَّلَانِ",
  "يُفَعَّلْنَ",
  "تُفَعَّلُ",
  "تُفَعَّلَانِ",
  "تُفَعَّلُونَ",
  "تُفَعَّلِينَ",
  "تُفَعَّلَانِ",
  "تُفَعَّلْنَ",
  "اُفَعَّلُ",
  "نُفَعَّلُ",
]
`;

exports[`simple maadhi active 1`] = `
Array [
  "فَعَلَ",
  "فَعَلاَ",
  "فَعَلُوا",
  "فَعَلَتْ",
  "فَعَلَتَا",
  "فَعَلْنَ",
  "فَعَلْتَ",
  "فَعَلْتُمَا",
  "فَعَلْتُمْ",
  "فَعَلْتِ",
  "فَعَلْتُمَا",
  "فَعَلْتُنَّ",
  "فَعَلْتُ",
  "فَعَلْنَا",
]
`;

exports[`simple maadhi active 2`] = `
Array [
  "فَعَلَ",
  "فَعَلاَ",
  "فَعَلُوا",
  "فَعَلَتْ",
  "فَعَلَتَا",
  "فَعَلْنَ",
  "فَعَلْتَ",
  "فَعَلْتُمَا",
  "فَعَلْتُمْ",
  "فَعَلْتِ",
  "فَعَلْتُمَا",
  "فَعَلْتُنَّ",
  "فَعَلْتُ",
  "فَعَلْنَا",
]
`;

exports[`simple maadhi active 3`] = `
Array [
  "فَعِلَ",
  "فَعِلاَ",
  "فَعِلُوا",
  "فَعِلَتْ",
  "فَعِلَتَا",
  "فَعِلْنَ",
  "فَعِلْتَ",
  "فَعِلْتُمَا",
  "فَعِلْتُمْ",
  "فَعِلْتِ",
  "فَعِلْتُمَا",
  "فَعِلْتُنَّ",
  "فَعِلْتُ",
  "فَعِلْنَا",
]
`;

exports[`simple maadhi active 4`] = `
Array [
  "فَعَلَ",
  "فَعَلاَ",
  "فَعَلُوا",
  "فَعَلَتْ",
  "فَعَلَتَا",
  "فَعَلْنَ",
  "فَعَلْتَ",
  "فَعَلْتُمَا",
  "فَعَلْتُمْ",
  "فَعَلْتِ",
  "فَعَلْتُمَا",
  "فَعَلْتُنَّ",
  "فَعَلْتُ",
  "فَعَلْنَا",
]
`;

exports[`simple maadhi active 5`] = `
Array [
  "فَعُلَ",
  "فَعُلاَ",
  "فَعُلُوا",
  "فَعُلَتْ",
  "فَعُلَتَا",
  "فَعُلْنَ",
  "فَعُلْتَ",
  "فَعُلْتُمَا",
  "فَعُلْتُمْ",
  "فَعُلْتِ",
  "فَعُلْتُمَا",
  "فَعُلْتُنَّ",
  "فَعُلْتُ",
  "فَعُلْنَا",
]
`;

exports[`simple maadhi active 6`] = `
Array [
  "فَعِلَ",
  "فَعِلاَ",
  "فَعِلُوا",
  "فَعِلَتْ",
  "فَعِلَتَا",
  "فَعِلْنَ",
  "فَعِلْتَ",
  "فَعِلْتُمَا",
  "فَعِلْتُمْ",
  "فَعِلْتِ",
  "فَعِلْتُمَا",
  "فَعِلْتُنَّ",
  "فَعِلْتُ",
  "فَعِلْنَا",
]
`;

exports[`simple maadhi passive 1`] = `
Array [
  "فُعِلَ",
  "فُعِلاَ",
  "فُعِلُوا",
  "فُعِلَتْ",
  "فُعِلَتَا",
  "فُعِلْنَ",
  "فُعِلْتَ",
  "فُعِلْتُمَا",
  "فُعِلْتُمْ",
  "فُعِلْتِ",
  "فُعِلْتُمَا",
  "فُعِلْتُنَّ",
  "فُعِلْتُ",
  "فُعِلْنَا",
]
`;

exports[`simple maadhi passive 2`] = `
Array [
  "فُعِلَ",
  "فُعِلاَ",
  "فُعِلُوا",
  "فُعِلَتْ",
  "فُعِلَتَا",
  "فُعِلْنَ",
  "فُعِلْتَ",
  "فُعِلْتُمَا",
  "فُعِلْتُمْ",
  "فُعِلْتِ",
  "فُعِلْتُمَا",
  "فُعِلْتُنَّ",
  "فُعِلْتُ",
  "فُعِلْنَا",
]
`;

exports[`simple maadhi passive 3`] = `
Array [
  "فُعِلَ",
  "فُعِلاَ",
  "فُعِلُوا",
  "فُعِلَتْ",
  "فُعِلَتَا",
  "فُعِلْنَ",
  "فُعِلْتَ",
  "فُعِلْتُمَا",
  "فُعِلْتُمْ",
  "فُعِلْتِ",
  "فُعِلْتُمَا",
  "فُعِلْتُنَّ",
  "فُعِلْتُ",
  "فُعِلْنَا",
]
`;

exports[`simple maadhi passive 4`] = `
Array [
  "فُعِلَ",
  "فُعِلاَ",
  "فُعِلُوا",
  "فُعِلَتْ",
  "فُعِلَتَا",
  "فُعِلْنَ",
  "فُعِلْتَ",
  "فُعِلْتُمَا",
  "فُعِلْتُمْ",
  "فُعِلْتِ",
  "فُعِلْتُمَا",
  "فُعِلْتُنَّ",
  "فُعِلْتُ",
  "فُعِلْنَا",
]
`;

exports[`simple maadhi passive 5`] = `
Array [
  "فُعِلَ",
  "فُعِلاَ",
  "فُعِلُوا",
  "فُعِلَتْ",
  "فُعِلَتَا",
  "فُعِلْنَ",
  "فُعِلْتَ",
  "فُعِلْتُمَا",
  "فُعِلْتُمْ",
  "فُعِلْتِ",
  "فُعِلْتُمَا",
  "فُعِلْتُنَّ",
  "فُعِلْتُ",
  "فُعِلْنَا",
]
`;

exports[`simple maadhi passive 6`] = `
Array [
  "فُعِلَ",
  "فُعِلاَ",
  "فُعِلُوا",
  "فُعِلَتْ",
  "فُعِلَتَا",
  "فُعِلْنَ",
  "فُعِلْتَ",
  "فُعِلْتُمَا",
  "فُعِلْتُمْ",
  "فُعِلْتِ",
  "فُعِلْتُمَا",
  "فُعِلْتُنَّ",
  "فُعِلْتُ",
  "فُعِلْنَا",
]
`;

exports[`simple mudari active 1`] = `
Array [
  "يَفْعُلُ",
  "يَفْعُلَانِ",
  "يَفْعُلُونَ",
  "تَفْعُلُ",
  "تَفْعُلَانِ",
  "يَفْعُلْنَ",
  "تَفْعُلُ",
  "تَفْعُلَانِ",
  "تَفْعُلُونَ",
  "تَفْعُلِينَ",
  "تَفْعُلَانِ",
  "تَفْعُلْنَ",
  "اَفْعُلُ",
  "نَفْعُلُ",
]
`;

exports[`simple mudari active 2`] = `
Array [
  "يَفْعِلُ",
  "يَفْعِلَانِ",
  "يَفْعِلُونَ",
  "تَفْعِلُ",
  "تَفْعِلَانِ",
  "يَفْعِلْنَ",
  "تَفْعِلُ",
  "تَفْعِلَانِ",
  "تَفْعِلُونَ",
  "تَفْعِلِينَ",
  "تَفْعِلَانِ",
  "تَفْعِلْنَ",
  "اَفْعِلُ",
  "نَفْعِلُ",
]
`;

exports[`simple mudari active 3`] = `
Array [
  "يَفْعَلُ",
  "يَفْعَلَانِ",
  "يَفْعَلُونَ",
  "تَفْعَلُ",
  "تَفْعَلَانِ",
  "يَفْعَلْنَ",
  "تَفْعَلُ",
  "تَفْعَلَانِ",
  "تَفْعَلُونَ",
  "تَفْعَلِينَ",
  "تَفْعَلَانِ",
  "تَفْعَلْنَ",
  "اَفْعَلُ",
  "نَفْعَلُ",
]
`;

exports[`simple mudari active 4`] = `
Array [
  "يَفْعَلُ",
  "يَفْعَلَانِ",
  "يَفْعَلُونَ",
  "تَفْعَلُ",
  "تَفْعَلَانِ",
  "يَفْعَلْنَ",
  "تَفْعَلُ",
  "تَفْعَلَانِ",
  "تَفْعَلُونَ",
  "تَفْعَلِينَ",
  "تَفْعَلَانِ",
  "تَفْعَلْنَ",
  "اَفْعَلُ",
  "نَفْعَلُ",
]
`;

exports[`simple mudari active 5`] = `
Array [
  "يَفْعُلُ",
  "يَفْعُلَانِ",
  "يَفْعُلُونَ",
  "تَفْعُلُ",
  "تَفْعُلَانِ",
  "يَفْعُلْنَ",
  "تَفْعُلُ",
  "تَفْعُلَانِ",
  "تَفْعُلُونَ",
  "تَفْعُلِينَ",
  "تَفْعُلَانِ",
  "تَفْعُلْنَ",
  "اَفْعُلُ",
  "نَفْعُلُ",
]
`;

exports[`simple mudari active 6`] = `
Array [
  "يَفْعِلُ",
  "يَفْعِلَانِ",
  "يَفْعِلُونَ",
  "تَفْعِلُ",
  "تَفْعِلَانِ",
  "يَفْعِلْنَ",
  "تَفْعِلُ",
  "تَفْعِلَانِ",
  "تَفْعِلُونَ",
  "تَفْعِلِينَ",
  "تَفْعِلَانِ",
  "تَفْعِلْنَ",
  "اَفْعِلُ",
  "نَفْعِلُ",
]
`;

exports[`simple mudari passive 1`] = `
Array [
  "يُفْعَلُ",
  "يُفْعَلَانِ",
  "يُفْعَلُونَ",
  "تُفْعَلُ",
  "تُفْعَلَانِ",
  "يُفْعَلْنَ",
  "تُفْعَلُ",
  "تُفْعَلَانِ",
  "تُفْعَلُونَ",
  "تُفْعَلِينَ",
  "تُفْعَلَانِ",
  "تُفْعَلْنَ",
  "اُفْعَلُ",
  "نُفْعَلُ",
]
`;

exports[`simple mudari passive 2`] = `
Array [
  "يُفْعَلُ",
  "يُفْعَلَانِ",
  "يُفْعَلُونَ",
  "تُفْعَلُ",
  "تُفْعَلَانِ",
  "يُفْعَلْنَ",
  "تُفْعَلُ",
  "تُفْعَلَانِ",
  "تُفْعَلُونَ",
  "تُفْعَلِينَ",
  "تُفْعَلَانِ",
  "تُفْعَلْنَ",
  "اُفْعَلُ",
  "نُفْعَلُ",
]
`;

exports[`simple mudari passive 3`] = `
Array [
  "يُفْعَلُ",
  "يُفْعَلَانِ",
  "يُفْعَلُونَ",
  "تُفْعَلُ",
  "تُفْعَلَانِ",
  "يُفْعَلْنَ",
  "تُفْعَلُ",
  "تُفْعَلَانِ",
  "تُفْعَلُونَ",
  "تُفْعَلِينَ",
  "تُفْعَلَانِ",
  "تُفْعَلْنَ",
  "اُفْعَلُ",
  "نُفْعَلُ",
]
`;

exports[`simple mudari passive 4`] = `
Array [
  "يُفْعَلُ",
  "يُفْعَلَانِ",
  "يُفْعَلُونَ",
  "تُفْعَلُ",
  "تُفْعَلَانِ",
  "يُفْعَلْنَ",
  "تُفْعَلُ",
  "تُفْعَلَانِ",
  "تُفْعَلُونَ",
  "تُفْعَلِينَ",
  "تُفْعَلَانِ",
  "تُفْعَلْنَ",
  "اُفْعَلُ",
  "نُفْعَلُ",
]
`;

exports[`simple mudari passive 5`] = `
Array [
  "يُفْعَلُ",
  "يُفْعَلَانِ",
  "يُفْعَلُونَ",
  "تُفْعَلُ",
  "تُفْعَلَانِ",
  "يُفْعَلْنَ",
  "تُفْعَلُ",
  "تُفْعَلَانِ",
  "تُفْعَلُونَ",
  "تُفْعَلِينَ",
  "تُفْعَلَانِ",
  "تُفْعَلْنَ",
  "اُفْعَلُ",
  "نُفْعَلُ",
]
`;

exports[`simple mudari passive 6`] = `
Array [
  "يُفْعَلُ",
  "يُفْعَلَانِ",
  "يُفْعَلُونَ",
  "تُفْعَلُ",
  "تُفْعَلَانِ",
  "يُفْعَلْنَ",
  "تُفْعَلُ",
  "تُفْعَلَانِ",
  "تُفْعَلُونَ",
  "تُفْعَلِينَ",
  "تُفْعَلَانِ",
  "تُفْعَلْنَ",
  "اُفْعَلُ",
  "نُفْعَلُ",
]
`;
