// Jest Snapshot v1, https://goo.gl/fbAQLP

exports[`advanced akrama maadhi active 1`] = `
Array [
  "أَفْعَلَ",
  "أَفْعَلاَ",
  "أَفْعَلُوا",
  "أَفْعَلَتْ",
  "أَفْعَلَتَا",
  "أَفْعَلْنَ",
  "أَفْعَلْتَ",
  "أَفْعَلْتُمَا",
  "أَفْعَلْتُمْ",
  "أَفْعَلْتِ",
  "أَفْعَلْتُمَا",
  "أَفْعَلْتُنَّ",
  "أَفْعَلْتُ",
  "أَفْعَلْنَا",
]
`;

exports[`advanced akrama maadhi passive 1`] = `
Array [
  "أُفْعِلَ",
  "أُفْعِلاَ",
  "أُفْعِلُوا",
  "أُفْعِلَتْ",
  "أُفْعِلَتَا",
  "أُفْعِلْنَ",
  "أُفْعِلْتَ",
  "أُفْعِلْتُمَا",
  "أُفْعِلْتُمْ",
  "أُفْعِلْتِ",
  "أُفْعِلْتُمَا",
  "أُفْعِلْتُنَّ",
  "أُفْعِلْتُ",
  "أُفْعِلْنَا",
]
`;

exports[`advanced akrama mudari active 1`] = `
Array [
  "يُفْعِلُ",
  "يُفْعِلَانِ",
  "يُفْعِلُونَ",
  "تُفْعِلُ",
  "تُفْعِلَانِ",
  "يُفْعِلْنَ",
  "تُفْعِلُ",
  "تُفْعِلَانِ",
  "تُفْعِلُونَ",
  "تُفْعِلِينَ",
  "تُفْعِلَانِ",
  "تُفْعِلْنَ",
  "اُفْعِلُ",
  "نُفْعِلُ",
]
`;

exports[`advanced akrama mudari passive 1`] = `
Array [
  "يُفْعَلُ",
  "يُفْعَلَانِ",
  "يُفْعَلُونَ",
  "تُفْعَلُ",
  "تُفْعَلَانِ",
  "يُفْعَلْنَ",
  "تُفْعَلُ",
  "تُفْعَلَانِ",
  "تُفْعَلُونَ",
  "تُفْعَلِينَ",
  "تُفْعَلَانِ",
  "تُفْعَلْنَ",
  "اُفْعَلُ",
  "نُفْعَلُ",
]
`;

exports[`advanced ijtanaba maadhi active 1`] = `
Array [
  "اِفْتَعَلَ",
  "اِفْتَعَلاَ",
  "اِفْتَعَلُوا",
  "اِفْتَعَلَتْ",
  "اِفْتَعَلَتَا",
  "اِفْتَعَلْنَ",
  "اِفْتَعَلْتَ",
  "اِفْتَعَلْتُمَا",
  "اِفْتَعَلْتُمْ",
  "اِفْتَعَلْتِ",
  "اِفْتَعَلْتُمَا",
  "اِفْتَعَلْتُنَّ",
  "اِفْتَعَلْتُ",
  "اِفْتَعَلْنَا",
]
`;

exports[`advanced ijtanaba maadhi passive 1`] = `
Array [
  "اُفْتُعِلَ",
  "اُفْتُعِلاَ",
  "اُفْتُعِلُوا",
  "اُفْتُعِلَتْ",
  "اُفْتُعِلَتَا",
  "اُفْتُعِلْنَ",
  "اُفْتُعِلْتَ",
  "اُفْتُعِلْتُمَا",
  "اُفْتُعِلْتُمْ",
  "اُفْتُعِلْتِ",
  "اُفْتُعِلْتُمَا",
  "اُفْتُعِلْتُنَّ",
  "اُفْتُعِلْتُ",
  "اُفْتُعِلْنَا",
]
`;

exports[`advanced ijtanaba mudari active 1`] = `
Array [
  "يَفْتَعِلُ",
  "يَفْتَعِلَانِ",
  "يَفْتَعِلُونَ",
  "تَفْتَعِلُ",
  "تَفْتَعِلَانِ",
  "يَفْتَعِلْنَ",
  "تَفْتَعِلُ",
  "تَفْتَعِلَانِ",
  "تَفْتَعِلُونَ",
  "تَفْتَعِلِينَ",
  "تَفْتَعِلَانِ",
  "تَفْتَعِلْنَ",
  "اَفْتَعِلُ",
  "نَفْتَعِلُ",
]
`;

exports[`advanced ijtanaba mudari passive 1`] = `
Array [
  "يُفْتَعَلُ",
  "يُفْتَعَلَانِ",
  "يُفْتَعَلُونَ",
  "تُفْتَعَلُ",
  "تُفْتَعَلَانِ",
  "يُفْتَعَلْنَ",
  "تُفْتَعَلُ",
  "تُفْتَعَلَانِ",
  "تُفْتَعَلُونَ",
  "تُفْتَعَلِينَ",
  "تُفْتَعَلَانِ",
  "تُفْتَعَلْنَ",
  "اُفْتَعَلُ",
  "نُفْتَعَلُ",
]
`;

exports[`advanced infatara maadhi active 1`] = `
Array [
  "اِنْفَعَلَ",
  "اِنْفَعَلاَ",
  "اِنْفَعَلُوا",
  "اِنْفَعَلَتْ",
  "اِنْفَعَلَتَا",
  "اِنْفَعَلْنَ",
  "اِنْفَعَلْتَ",
  "اِنْفَعَلْتُمَا",
  "اِنْفَعَلْتُمْ",
  "اِنْفَعَلْتِ",
  "اِنْفَعَلْتُمَا",
  "اِنْفَعَلْتُنَّ",
  "اِنْفَعَلْتُ",
  "اِنْفَعَلْنَا",
]
`;

exports[`advanced infatara maadhi passive 1`] = `
Array [
  "اُنْفُعِلَ",
  "اُنْفُعِلاَ",
  "اُنْفُعِلُوا",
  "اُنْفُعِلَتْ",
  "اُنْفُعِلَتَا",
  "اُنْفُعِلْنَ",
  "اُنْفُعِلْتَ",
  "اُنْفُعِلْتُمَا",
  "اُنْفُعِلْتُمْ",
  "اُنْفُعِلْتِ",
  "اُنْفُعِلْتُمَا",
  "اُنْفُعِلْتُنَّ",
  "اُنْفُعِلْتُ",
  "اُنْفُعِلْنَا",
]
`;

exports[`advanced infatara mudari active 1`] = `
Array [
  "يَنْفَعِلُ",
  "يَنْفَعِلَانِ",
  "يَنْفَعِلُونَ",
  "تَنْفَعِلُ",
  "تَنْفَعِلَانِ",
  "يَنْفَعِلْنَ",
  "تَنْفَعِلُ",
  "تَنْفَعِلَانِ",
  "تَنْفَعِلُونَ",
  "تَنْفَعِلِينَ",
  "تَنْفَعِلَانِ",
  "تَنْفَعِلْنَ",
  "اَنْفَعِلُ",
  "نَنْفَعِلُ",
]
`;

exports[`advanced infatara mudari passive 1`] = `
Array [
  "يُنْفَعَلُ",
  "يُنْفَعَلَانِ",
  "يُنْفَعَلُونَ",
  "تُنْفَعَلُ",
  "تُنْفَعَلَانِ",
  "يُنْفَعَلْنَ",
  "تُنْفَعَلُ",
  "تُنْفَعَلَانِ",
  "تُنْفَعَلُونَ",
  "تُنْفَعَلِينَ",
  "تُنْفَعَلَانِ",
  "تُنْفَعَلْنَ",
  "اُنْفَعَلُ",
  "نُنْفَعَلُ",
]
`;

exports[`advanced istansara maadhi active 1`] = `
Array [
  "اِسْتَفْعَلَ",
  "اِسْتَفْعَلاَ",
  "اِسْتَفْعَلُوا",
  "اِسْتَفْعَلَتْ",
  "اِسْتَفْعَلَتَا",
  "اِسْتَفْعَلْنَ",
  "اِسْتَفْعَلْتَ",
  "اِسْتَفْعَلْتُمَا",
  "اِسْتَفْعَلْتُمْ",
  "اِسْتَفْعَلْتِ",
  "اِسْتَفْعَلْتُمَا",
  "اِسْتَفْعَلْتُنَّ",
  "اِسْتَفْعَلْتُ",
  "اِسْتَفْعَلْنَا",
]
`;

exports[`advanced istansara maadhi passive 1`] = `
Array [
  "اُسْتُفْعِلَ",
  "اُسْتُفْعِلاَ",
  "اُسْتُفْعِلُوا",
  "اُسْتُفْعِلَتْ",
  "اُسْتُفْعِلَتَا",
  "اُسْتُفْعِلْنَ",
  "اُسْتُفْعِلْتَ",
  "اُسْتُفْعِلْتُمَا",
  "اُسْتُفْعِلْتُمْ",
  "اُسْتُفْعِلْتِ",
  "اُسْتُفْعِلْتُمَا",
  "اُسْتُفْعِلْتُنَّ",
  "اُسْتُفْعِلْتُ",
  "اُسْتُفْعِلْنَا",
]
`;

exports[`advanced istansara mudari active 1`] = `
Array [
  "يَسْتَفْعِلُ",
  "يَسْتَفْعِلَانِ",
  "يَسْتَفْعِلُونَ",
  "تَسْتَفْعِلُ",
  "تَسْتَفْعِلَانِ",
  "يَسْتَفْعِلْنَ",
  "تَسْتَفْعِلُ",
  "تَسْتَفْعِلَانِ",
  "تَسْتَفْعِلُونَ",
  "تَسْتَفْعِلِينَ",
  "تَسْتَفْعِلَانِ",
  "تَسْتَفْعِلْنَ",
  "اَسْتَفْعِلُ",
  "نَسْتَفْعِلُ",
]
`;

exports[`advanced istansara mudari passive 1`] = `
Array [
  "يُسْتَفْعَلُ",
  "يُسْتَفْعَلَانِ",
  "يُسْتَفْعَلُونَ",
  "تُسْتَفْعَلُ",
  "تُسْتَفْعَلَانِ",
  "يُسْتَفْعَلْنَ",
  "تُسْتَفْعَلُ",
  "تُسْتَفْعَلَانِ",
  "تُسْتَفْعَلُونَ",
  "تُسْتَفْعَلِينَ",
  "تُسْتَفْعَلَانِ",
  "تُسْتَفْعَلْنَ",
  "اُسْتَفْعَلُ",
  "نُسْتَفْعَلُ",
]
`;

exports[`advanced qaatala maadhi active 1`] = `
Array [
  "فَاعَلَ",
  "فَاعَلاَ",
  "فَاعَلُوا",
  "فَاعَلَتْ",
  "فَاعَلَتَا",
  "فَاعَلْنَ",
  "فَاعَلْتَ",
  "فَاعَلْتُمَا",
  "فَاعَلْتُمْ",
  "فَاعَلْتِ",
  "فَاعَلْتُمَا",
  "فَاعَلْتُنَّ",
  "فَاعَلْتُ",
  "فَاعَلْنَا",
]
`;

exports[`advanced qaatala maadhi passive 1`] = `
Array [
  "فُوعِلَ",
  "فُوعِلاَ",
  "فُوعِلُوا",
  "فُوعِلَتْ",
  "فُوعِلَتَا",
  "فُوعِلْنَ",
  "فُوعِلْتَ",
  "فُوعِلْتُمَا",
  "فُوعِلْتُمْ",
  "فُوعِلْتِ",
  "فُوعِلْتُمَا",
  "فُوعِلْتُنَّ",
  "فُوعِلْتُ",
  "فُوعِلْنَا",
]
`;

exports[`advanced qaatala mudari active 1`] = `
Array [
  "يُفَاعِلُ",
  "يُفَاعِلَانِ",
  "يُفَاعِلُونَ",
  "تُفَاعِلُ",
  "تُفَاعِلَانِ",
  "يُفَاعِلْنَ",
  "تُفَاعِلُ",
  "تُفَاعِلَانِ",
  "تُفَاعِلُونَ",
  "تُفَاعِلِينَ",
  "تُفَاعِلَانِ",
  "تُفَاعِلْنَ",
  "اُفَاعِلُ",
  "نُفَاعِلُ",
]
`;

exports[`advanced qaatala mudari passive 1`] = `
Array [
  "يُفَاعَلُ",
  "يُفَاعَلَانِ",
  "يُفَاعَلُونَ",
  "تُفَاعَلُ",
  "تُفَاعَلَانِ",
  "يُفَاعَلْنَ",
  "تُفَاعَلُ",
  "تُفَاعَلَانِ",
  "تُفَاعَلُونَ",
  "تُفَاعَلِينَ",
  "تُفَاعَلَانِ",
  "تُفَاعَلْنَ",
  "اُفَاعَلُ",
  "نُفَاعَلُ",
]
`;

exports[`advanced sarrafa maadhi active 1`] = `
Array [
  "فَعَّلَ",
  "فَعَّلاَ",
  "فَعَّلُوا",
  "فَعَّلَتْ",
  "فَعَّلَتَا",
  "فَعَّلْنَ",
  "فَعَّلْتَ",
  "فَعَّلْتُمَا",
  "فَعَّلْتُمْ",
  "فَعَّلْتِ",
  "فَعَّلْتُمَا",
  "فَعَّلْتُنَّ",
  "فَعَّلْتُ",
  "فَعَّلْنَا",
]
`;

exports[`advanced sarrafa maadhi passive 1`] = `
Array [
  "فُعِّلَ",
  "فُعِّلاَ",
  "فُعِّلُوا",
  "فُعِّلَتْ",
  "فُعِّلَتَا",
  "فُعِّلْنَ",
  "فُعِّلْتَ",
  "فُعِّلْتُمَا",
  "فُعِّلْتُمْ",
  "فُعِّلْتِ",
  "فُعِّلْتُمَا",
  "فُعِّلْتُنَّ",
  "فُعِّلْتُ",
  "فُعِّلْنَا",
]
`;

exports[`advanced sarrafa mudari active 1`] = `
Array [
  "يُفَعِّلُ",
  "يُفَعِّلَانِ",
  "يُفَعِّلُونَ",
  "تُفَعِّلُ",
  "تُفَعِّلَانِ",
  "يُفَعِّلْنَ",
  "تُفَعِّلُ",
  "تُفَعِّلَانِ",
  "تُفَعِّلُونَ",
  "تُفَعِّلِينَ",
  "تُفَعِّلَانِ",
  "تُفَعِّلْنَ",
  "اُفَعِّلُ",
  "نُفَعِّلُ",
]
`;

exports[`advanced sarrafa mudari passive 1`] = `
Array [
  "يُفَعَّلُ",
  "يُفَعَّلَانِ",
  "يُفَعَّلُونَ",
  "تُفَعَّلُ",
  "تُفَعَّلَانِ",
  "يُفَعَّلْنَ",
  "تُفَعَّلُ",
  "تُفَعَّلَانِ",
  "تُفَعَّلُونَ",
  "تُفَعَّلِينَ",
  "تُفَعَّلَانِ",
  "تُفَعَّلْنَ",
  "اُفَعَّلُ",
  "نُفَعَّلُ",
]
`;

exports[`advanced taqaabala maadhi active 1`] = `
Array [
  "تَفَاعَلَ",
  "تَفَاعَلاَ",
  "تَفَاعَلُوا",
  "تَفَاعَلَتْ",
  "تَفَاعَلَتَا",
  "تَفَاعَلْنَ",
  "تَفَاعَلْتَ",
  "تَفَاعَلْتُمَا",
  "تَفَاعَلْتُمْ",
  "تَفَاعَلْتِ",
  "تَفَاعَلْتُمَا",
  "تَفَاعَلْتُنَّ",
  "تَفَاعَلْتُ",
  "تَفَاعَلْنَا",
]
`;

exports[`advanced taqaabala maadhi passive 1`] = `
Array [
  "تُفُوعِلَ",
  "تُفُوعِلاَ",
  "تُفُوعِلُوا",
  "تُفُوعِلَتْ",
  "تُفُوعِلَتَا",
  "تُفُوعِلْنَ",
  "تُفُوعِلْتَ",
  "تُفُوعِلْتُمَا",
  "تُفُوعِلْتُمْ",
  "تُفُوعِلْتِ",
  "تُفُوعِلْتُمَا",
  "تُفُوعِلْتُنَّ",
  "تُفُوعِلْتُ",
  "تُفُوعِلْنَا",
]
`;

exports[`advanced taqaabala mudari active 1`] = `
Array [
  "يَتَفَاعَلُ",
  "يَتَفَاعَلَانِ",
  "يَتَفَاعَلُونَ",
  "تَتَفَاعَلُ",
  "تَتَفَاعَلَانِ",
  "يَتَفَاعَلْنَ",
  "تَتَفَاعَلُ",
  "تَتَفَاعَلَانِ",
  "تَتَفَاعَلُونَ",
  "تَتَفَاعَلِينَ",
  "تَتَفَاعَلَانِ",
  "تَتَفَاعَلْنَ",
  "اَتَفَاعَلُ",
  "نَتَفَاعَلُ",
]
`;

exports[`advanced taqaabala mudari passive 1`] = `
Array [
  "يُتَفَاعَلُ",
  "يُتَفَاعَلَانِ",
  "يُتَفَاعَلُونَ",
  "تُتَفَاعَلُ",
  "تُتَفَاعَلَانِ",
  "يُتَفَاعَلْنَ",
  "تُتَفَاعَلُ",
  "تُتَفَاعَلَانِ",
  "تُتَفَاعَلُونَ",
  "تُتَفَاعَلِينَ",
  "تُتَفَاعَلَانِ",
  "تُتَفَاعَلْنَ",
  "اُتَفَاعَلُ",
  "نُتَفَاعَلُ",
]
`;

exports[`advanced taqabbala maadhi active 1`] = `
Array [
  "تَفَعَّلَ",
  "تَفَعَّلاَ",
  "تَفَعَّلُوا",
  "تَفَعَّلَتْ",
  "تَفَعَّلَتَا",
  "تَفَعَّلْنَ",
  "تَفَعَّلْتَ",
  "تَفَعَّلْتُمَا",
  "تَفَعَّلْتُمْ",
  "تَفَعَّلْتِ",
  "تَفَعَّلْتُمَا",
  "تَفَعَّلْتُنَّ",
  "تَفَعَّلْتُ",
  "تَفَعَّلْنَا",
]
`;

exports[`advanced taqabbala maadhi passive 1`] = `
Array [
  "تُفُعِّلَ",
  "تُفُعِّلاَ",
  "تُفُعِّلُوا",
  "تُفُعِّلَتْ",
  "تُفُعِّلَتَا",
  "تُفُعِّلْنَ",
  "تُفُعِّلْتَ",
  "تُفُعِّلْتُمَا",
  "تُفُعِّلْتُمْ",
  "تُفُعِّلْتِ",
  "تُفُعِّلْتُمَا",
  "تُفُعِّلْتُنَّ",
  "تُفُعِّلْتُ",
  "تُفُعِّلْنَا",
]
`;

exports[`advanced taqabbala mudari active 1`] = `
Array [
  "يَتَفَعَّلُ",
  "يَتَفَعَّلَانِ",
  "يَتَفَعَّلُونَ",
  "تَتَفَعَّلُ",
  "تَتَفَعَّلَانِ",
  "يَتَفَعَّلْنَ",
  "تَتَفَعَّلُ",
  "تَتَفَعَّلَانِ",
  "تَتَفَعَّلُونَ",
  "تَتَفَعَّلِينَ",
  "تَتَفَعَّلَانِ",
  "تَتَفَعَّلْنَ",
  "اَتَفَعَّلُ",
  "نَتَفَعَّلُ",
]
`;

exports[`advanced taqabbala mudari passive 1`] = `
Array [
  "يُتَفَعَّلُ",
  "يُتَفَعَّلَانِ",
  "يُتَفَعَّلُونَ",
  "تُتَفَعَّلُ",
  "تُتَفَعَّلَانِ",
  "يُتَفَعَّلْنَ",
  "تُتَفَعَّلُ",
  "تُتَفَعَّلَانِ",
  "تُتَفَعَّلُونَ",
  "تُتَفَعَّلِينَ",
  "تُتَفَعَّلَانِ",
  "تُتَفَعَّلْنَ",
  "اُتَفَعَّلُ",
  "نُتَفَعَّلُ",
]
`;

exports[`simple daraba maadhi active 1`] = `
Array [
  "فَعَلَ",
  "فَعَلاَ",
  "فَعَلُوا",
  "فَعَلَتْ",
  "فَعَلَتَا",
  "فَعَلْنَ",
  "فَعَلْتَ",
  "فَعَلْتُمَا",
  "فَعَلْتُمْ",
  "فَعَلْتِ",
  "فَعَلْتُمَا",
  "فَعَلْتُنَّ",
  "فَعَلْتُ",
  "فَعَلْنَا",
]
`;

exports[`simple daraba maadhi passive 1`] = `
Array [
  "فُعِلَ",
  "فُعِلاَ",
  "فُعِلُوا",
  "فُعِلَتْ",
  "فُعِلَتَا",
  "فُعِلْنَ",
  "فُعِلْتَ",
  "فُعِلْتُمَا",
  "فُعِلْتُمْ",
  "فُعِلْتِ",
  "فُعِلْتُمَا",
  "فُعِلْتُنَّ",
  "فُعِلْتُ",
  "فُعِلْنَا",
]
`;

exports[`simple daraba mudari active 1`] = `
Array [
  "يَفْعِلُ",
  "يَفْعِلَانِ",
  "يَفْعِلُونَ",
  "تَفْعِلُ",
  "تَفْعِلَانِ",
  "يَفْعِلْنَ",
  "تَفْعِلُ",
  "تَفْعِلَانِ",
  "تَفْعِلُونَ",
  "تَفْعِلِينَ",
  "تَفْعِلَانِ",
  "تَفْعِلْنَ",
  "اَفْعِلُ",
  "نَفْعِلُ",
]
`;

exports[`simple daraba mudari passive 1`] = `
Array [
  "يُفْعَلُ",
  "يُفْعَلَانِ",
  "يُفْعَلُونَ",
  "تُفْعَلُ",
  "تُفْعَلَانِ",
  "يُفْعَلْنَ",
  "تُفْعَلُ",
  "تُفْعَلَانِ",
  "تُفْعَلُونَ",
  "تُفْعَلِينَ",
  "تُفْعَلَانِ",
  "تُفْعَلْنَ",
  "اُفْعَلُ",
  "نُفْعَلُ",
]
`;

exports[`simple fataha maadhi active 1`] = `
Array [
  "فَعَلَ",
  "فَعَلاَ",
  "فَعَلُوا",
  "فَعَلَتْ",
  "فَعَلَتَا",
  "فَعَلْنَ",
  "فَعَلْتَ",
  "فَعَلْتُمَا",
  "فَعَلْتُمْ",
  "فَعَلْتِ",
  "فَعَلْتُمَا",
  "فَعَلْتُنَّ",
  "فَعَلْتُ",
  "فَعَلْنَا",
]
`;

exports[`simple fataha maadhi passive 1`] = `
Array [
  "فُعِلَ",
  "فُعِلاَ",
  "فُعِلُوا",
  "فُعِلَتْ",
  "فُعِلَتَا",
  "فُعِلْنَ",
  "فُعِلْتَ",
  "فُعِلْتُمَا",
  "فُعِلْتُمْ",
  "فُعِلْتِ",
  "فُعِلْتُمَا",
  "فُعِلْتُنَّ",
  "فُعِلْتُ",
  "فُعِلْنَا",
]
`;

exports[`simple fataha mudari active 1`] = `
Array [
  "يَفْعَلُ",
  "يَفْعَلَانِ",
  "يَفْعَلُونَ",
  "تَفْعَلُ",
  "تَفْعَلَانِ",
  "يَفْعَلْنَ",
  "تَفْعَلُ",
  "تَفْعَلَانِ",
  "تَفْعَلُونَ",
  "تَفْعَلِينَ",
  "تَفْعَلَانِ",
  "تَفْعَلْنَ",
  "اَفْعَلُ",
  "نَفْعَلُ",
]
`;

exports[`simple fataha mudari passive 1`] = `
Array [
  "يُفْعَلُ",
  "يُفْعَلَانِ",
  "يُفْعَلُونَ",
  "تُفْعَلُ",
  "تُفْعَلَانِ",
  "يُفْعَلْنَ",
  "تُفْعَلُ",
  "تُفْعَلَانِ",
  "تُفْعَلُونَ",
  "تُفْعَلِينَ",
  "تُفْعَلَانِ",
  "تُفْعَلْنَ",
  "اُفْعَلُ",
  "نُفْعَلُ",
]
`;

exports[`simple haseba maadhi active 1`] = `
Array [
  "فَعِلَ",
  "فَعِلاَ",
  "فَعِلُوا",
  "فَعِلَتْ",
  "فَعِلَتَا",
  "فَعِلْنَ",
  "فَعِلْتَ",
  "فَعِلْتُمَا",
  "فَعِلْتُمْ",
  "فَعِلْتِ",
  "فَعِلْتُمَا",
  "فَعِلْتُنَّ",
  "فَعِلْتُ",
  "فَعِلْنَا",
]
`;

exports[`simple haseba maadhi passive 1`] = `
Array [
  "فُعِلَ",
  "فُعِلاَ",
  "فُعِلُوا",
  "فُعِلَتْ",
  "فُعِلَتَا",
  "فُعِلْنَ",
  "فُعِلْتَ",
  "فُعِلْتُمَا",
  "فُعِلْتُمْ",
  "فُعِلْتِ",
  "فُعِلْتُمَا",
  "فُعِلْتُنَّ",
  "فُعِلْتُ",
  "فُعِلْنَا",
]
`;

exports[`simple haseba mudari active 1`] = `
Array [
  "يَفْعِلُ",
  "يَفْعِلَانِ",
  "يَفْعِلُونَ",
  "تَفْعِلُ",
  "تَفْعِلَانِ",
  "يَفْعِلْنَ",
  "تَفْعِلُ",
  "تَفْعِلَانِ",
  "تَفْعِلُونَ",
  "تَفْعِلِينَ",
  "تَفْعِلَانِ",
  "تَفْعِلْنَ",
  "اَفْعِلُ",
  "نَفْعِلُ",
]
`;

exports[`simple haseba mudari passive 1`] = `
Array [
  "يُفْعَلُ",
  "يُفْعَلَانِ",
  "يُفْعَلُونَ",
  "تُفْعَلُ",
  "تُفْعَلَانِ",
  "يُفْعَلْنَ",
  "تُفْعَلُ",
  "تُفْعَلَانِ",
  "تُفْعَلُونَ",
  "تُفْعَلِينَ",
  "تُفْعَلَانِ",
  "تُفْعَلْنَ",
  "اُفْعَلُ",
  "نُفْعَلُ",
]
`;

exports[`simple karuma maadhi active 1`] = `
Array [
  "فَعُلَ",
  "فَعُلاَ",
  "فَعُلُوا",
  "فَعُلَتْ",
  "فَعُلَتَا",
  "فَعُلْنَ",
  "فَعُلْتَ",
  "فَعُلْتُمَا",
  "فَعُلْتُمْ",
  "فَعُلْتِ",
  "فَعُلْتُمَا",
  "فَعُلْتُنَّ",
  "فَعُلْتُ",
  "فَعُلْنَا",
]
`;

exports[`simple karuma maadhi passive 1`] = `
Array [
  "فُعِلَ",
  "فُعِلاَ",
  "فُعِلُوا",
  "فُعِلَتْ",
  "فُعِلَتَا",
  "فُعِلْنَ",
  "فُعِلْتَ",
  "فُعِلْتُمَا",
  "فُعِلْتُمْ",
  "فُعِلْتِ",
  "فُعِلْتُمَا",
  "فُعِلْتُنَّ",
  "فُعِلْتُ",
  "فُعِلْنَا",
]
`;

exports[`simple karuma mudari active 1`] = `
Array [
  "يَفْعُلُ",
  "يَفْعُلَانِ",
  "يَفْعُلُونَ",
  "تَفْعُلُ",
  "تَفْعُلَانِ",
  "يَفْعُلْنَ",
  "تَفْعُلُ",
  "تَفْعُلَانِ",
  "تَفْعُلُونَ",
  "تَفْعُلِينَ",
  "تَفْعُلَانِ",
  "تَفْعُلْنَ",
  "اَفْعُلُ",
  "نَفْعُلُ",
]
`;

exports[`simple karuma mudari passive 1`] = `
Array [
  "يُفْعَلُ",
  "يُفْعَلَانِ",
  "يُفْعَلُونَ",
  "تُفْعَلُ",
  "تُفْعَلَانِ",
  "يُفْعَلْنَ",
  "تُفْعَلُ",
  "تُفْعَلَانِ",
  "تُفْعَلُونَ",
  "تُفْعَلِينَ",
  "تُفْعَلَانِ",
  "تُفْعَلْنَ",
  "اُفْعَلُ",
  "نُفْعَلُ",
]
`;

exports[`simple nasara maadhi active 1`] = `
Array [
  "فَعَلَ",
  "فَعَلاَ",
  "فَعَلُوا",
  "فَعَلَتْ",
  "فَعَلَتَا",
  "فَعَلْنَ",
  "فَعَلْتَ",
  "فَعَلْتُمَا",
  "فَعَلْتُمْ",
  "فَعَلْتِ",
  "فَعَلْتُمَا",
  "فَعَلْتُنَّ",
  "فَعَلْتُ",
  "فَعَلْنَا",
]
`;

exports[`simple nasara maadhi passive 1`] = `
Array [
  "فُعِلَ",
  "فُعِلاَ",
  "فُعِلُوا",
  "فُعِلَتْ",
  "فُعِلَتَا",
  "فُعِلْنَ",
  "فُعِلْتَ",
  "فُعِلْتُمَا",
  "فُعِلْتُمْ",
  "فُعِلْتِ",
  "فُعِلْتُمَا",
  "فُعِلْتُنَّ",
  "فُعِلْتُ",
  "فُعِلْنَا",
]
`;

exports[`simple nasara mudari active 1`] = `
Array [
  "يَفْعُلُ",
  "يَفْعُلَانِ",
  "يَفْعُلُونَ",
  "تَفْعُلُ",
  "تَفْعُلَانِ",
  "يَفْعُلْنَ",
  "تَفْعُلُ",
  "تَفْعُلَانِ",
  "تَفْعُلُونَ",
  "تَفْعُلِينَ",
  "تَفْعُلَانِ",
  "تَفْعُلْنَ",
  "اَفْعُلُ",
  "نَفْعُلُ",
]
`;

exports[`simple nasara mudari passive 1`] = `
Array [
  "يُفْعَلُ",
  "يُفْعَلَانِ",
  "يُفْعَلُونَ",
  "تُفْعَلُ",
  "تُفْعَلَانِ",
  "يُفْعَلْنَ",
  "تُفْعَلُ",
  "تُفْعَلَانِ",
  "تُفْعَلُونَ",
  "تُفْعَلِينَ",
  "تُفْعَلَانِ",
  "تُفْعَلْنَ",
  "اُفْعَلُ",
  "نُفْعَلُ",
]
`;

exports[`simple sameya maadhi active 1`] = `
Array [
  "فَعِلَ",
  "فَعِلاَ",
  "فَعِلُوا",
  "فَعِلَتْ",
  "فَعِلَتَا",
  "فَعِلْنَ",
  "فَعِلْتَ",
  "فَعِلْتُمَا",
  "فَعِلْتُمْ",
  "فَعِلْتِ",
  "فَعِلْتُمَا",
  "فَعِلْتُنَّ",
  "فَعِلْتُ",
  "فَعِلْنَا",
]
`;

exports[`simple sameya maadhi passive 1`] = `
Array [
  "فُعِلَ",
  "فُعِلاَ",
  "فُعِلُوا",
  "فُعِلَتْ",
  "فُعِلَتَا",
  "فُعِلْنَ",
  "فُعِلْتَ",
  "فُعِلْتُمَا",
  "فُعِلْتُمْ",
  "فُعِلْتِ",
  "فُعِلْتُمَا",
  "فُعِلْتُنَّ",
  "فُعِلْتُ",
  "فُعِلْنَا",
]
`;

exports[`simple sameya mudari active 1`] = `
Array [
  "يَفْعَلُ",
  "يَفْعَلَانِ",
  "يَفْعَلُونَ",
  "تَفْعَلُ",
  "تَفْعَلَانِ",
  "يَفْعَلْنَ",
  "تَفْعَلُ",
  "تَفْعَلَانِ",
  "تَفْعَلُونَ",
  "تَفْعَلِينَ",
  "تَفْعَلَانِ",
  "تَفْعَلْنَ",
  "اَفْعَلُ",
  "نَفْعَلُ",
]
`;

exports[`simple sameya mudari passive 1`] = `
Array [
  "يُفْعَلُ",
  "يُفْعَلَانِ",
  "يُفْعَلُونَ",
  "تُفْعَلُ",
  "تُفْعَلَانِ",
  "يُفْعَلْنَ",
  "تُفْعَلُ",
  "تُفْعَلَانِ",
  "تُفْعَلُونَ",
  "تُفْعَلِينَ",
  "تُفْعَلَانِ",
  "تُفْعَلْنَ",
  "اُفْعَلُ",
  "نُفْعَلُ",
]
`;
